// Jest Snapshot v1, https://goo.gl/fbAQLP

exports[`ArtistImage Component should render correctly according to snapshot 1`] = `
<span
  className="imageContainer"
>
  <img
    alt=""
    className="image"
  />
</span>
`;
